// Jest Snapshot v1, https://goo.gl/fbAQLP

exports[`ArrayBuilder errors if a non-builder is passed 1`] = `"A blueprint is required for array contents."`;

exports[`ArrayBuilder notEmpty() errors if value is empty 1`] = `"Invalid field \\"key\\". Array cannot be empty."`;

exports[`ArrayBuilder run() checks each item in the array 1`] = `"Invalid field \\"key[3]\\". Must be a string."`;

exports[`ArrayBuilder run() errors correctly for arrays in arrays 1`] = `"Invalid field \\"key[1][1]\\". Must be a string."`;

exports[`ArrayBuilder run() errors if a non-array is passed 1`] = `"Invalid field \\"key\\". Must be an array."`;

exports[`ArrayBuilder run() errors if a non-array is passed, when not using a builder 1`] = `"Invalid field \\"key\\". Must be an array."`;

exports[`ArrayBuilder run() errors if an array item is invalid; persists path with index 1`] = `"Invalid field \\"key[0]\\". Must be a string."`;

exports[`ArrayBuilder sizeOf() errors if length doesnt match 1`] = `"Invalid field \\"key\\". Array length must be 3."`;
