// Jest Snapshot v1, https://goo.gl/fbAQLP

exports[`ShapeBuilder errors if a non-object is not passed 1`] = `"A non-empty object of properties to blueprints are required for a shape."`;

exports[`ShapeBuilder errors if an empty object is passed 1`] = `"A non-empty object of properties to blueprints are required for a shape."`;

exports[`ShapeBuilder errors if an object with non-builders is passed 1`] = `"A non-empty object of properties to blueprints are required for a shape."`;

exports[`ShapeBuilder run() checks each item in the object 1`] = `"Invalid field \\"key.bar\\". Must be a number."`;

exports[`ShapeBuilder run() errors correctly for shapes in shapes 1`] = `"Invalid field \\"key.foo.c\\". Must be a string."`;

exports[`ShapeBuilder run() errors for unknown fields when using exact 1`] = `"Unknown \\"key\\" fields: qux, oof."`;

exports[`ShapeBuilder run() errors if a non-object is passed 1`] = `"Invalid field \\"key\\". Value passed to shape must be an object."`;

exports[`ShapeBuilder run() errors if an object item is invalid; persists path with index 1`] = `"Invalid field \\"key.foo\\". Must be a string."`;

exports[`ShapeBuilder run() supports nested required 1`] = `"Invalid field \\"key.bar\\". Field is required and must be defined."`;
