// Jest Snapshot v1, https://goo.gl/fbAQLP

exports[`func() and() errors if no keys are defined 1`] = `"AND requires a list of field names."`;

exports[`func() and() errors if not all properties are defined 1`] = `"All of these fields must be defined: a, c"`;

exports[`func() custom() errors if callback is not a function 1`] = `"Custom requires a validation function."`;

exports[`func() custom() errors if no callback 1`] = `"Custom requires a validation function."`;

exports[`func() deprecate() errors if empty message 1`] = `"A non-empty string is required for deprecated messages."`;

exports[`func() deprecate() errors if invalid message type 1`] = `"A non-empty string is required for deprecated messages."`;

exports[`func() deprecate() errors if no message 1`] = `"A non-empty string is required for deprecated messages."`;

exports[`func() never() errors when validating 1`] = `"Field should never be used."`;

exports[`func() notNullable() errors when null is passed 1`] = `"Null is not allowed."`;

exports[`func() or() errors if no keys are defined 1`] = `"OR requires a list of field names."`;

exports[`func() or() errors if not 1 option is defined 1`] = `"At least one of these fields must be defined: a, b"`;

exports[`func() required() errors when undefined is passed 1`] = `"Field is required and must be defined."`;

exports[`func() validateType() errors if a non-function is passed 1`] = `"Must be a function."`;

exports[`func() xor() errors if more than 1 option is defined 1`] = `"Only one of these fields may be defined: a, b, c"`;

exports[`func() xor() errors if no keys are defined 1`] = `"XOR requires a list of field names."`;

exports[`func() xor() errors if no options are defined 1`] = `"Only one of these fields may be defined: a, b, c"`;
