// Jest Snapshot v1, https://goo.gl/fbAQLP

exports[`object() checks each item in the object 1`] = `"Invalid field \\"key.c\\". Must be a string."`;

exports[`object() errors correctly for objects in objects 1`] = `"Invalid field \\"key.a.bar\\". Must be a string."`;

exports[`object() errors if a non-object is passed 1`] = `"Invalid field \\"key\\". Must be a plain object."`;

exports[`object() errors if a non-object is passed, when not using a predicate 1`] = `"Invalid field \\"key\\". Must be a plain object."`;

exports[`object() errors if a non-predicate is passed 1`] = `"A schema blueprint is required for object values."`;

exports[`object() errors if an object item is invalid; persists path with index 1`] = `"Invalid field \\"key.foo\\". Must be a string."`;

exports[`object() notEmpty() errors if value is empty 1`] = `"Invalid field \\"key\\". Object cannot be empty."`;

exports[`object() sizeOf() errors if length doesnt match 1`] = `"Invalid field \\"key\\". Object must have 3 properties."`;
