// Jest Snapshot v1, https://goo.gl/fbAQLP

exports[`array() checks each item in the array 1`] = `"Invalid field \\"key[3]\\". Must be a string."`;

exports[`array() errors correctly for arrays in arrays 1`] = `"Invalid field \\"key[1][1]\\". Must be a string."`;

exports[`array() errors if a non-array is passed 1`] = `"Invalid field \\"key\\". Must be an array."`;

exports[`array() errors if a non-array is passed, when not using a predicate 1`] = `"Invalid field \\"key\\". Must be an array."`;

exports[`array() errors if a non-predicate is passed 1`] = `"A schema blueprint is required for array items."`;

exports[`array() errors if an array item is invalid; persists path with index 1`] = `"Invalid field \\"key[0]\\". Must be a string."`;

exports[`array() notEmpty() errors if value is empty 1`] = `"Invalid field \\"key\\". Array cannot be empty."`;

exports[`array() sizeOf() errors if length doesnt match 1`] = `"Invalid field \\"key\\". Array length must be 3."`;
