// Jest Snapshot v1, https://goo.gl/fbAQLP

exports[`number() between() errors if \`null\` 1`] = `"Invalid field \\"key\\". Null is not allowed."`;

exports[`number() between() errors if edge of range 1`] = `"Invalid field \\"key\\". Number must be between 0 and 5."`;

exports[`number() between() errors if max is a not a number 1`] = `"Between requires a minimum and maximum number."`;

exports[`number() between() errors if min is a not a number 1`] = `"Between requires a minimum and maximum number."`;

exports[`number() between() errors if out of range 1`] = `"Invalid field \\"key\\". Number must be between 0 and 5."`;

exports[`number() between() errors if value is not a number 1`] = `"Invalid field \\"key\\". Must be a number."`;

exports[`number() between(): inclusive errors if \`null\` 1`] = `"Invalid field \\"key\\". Null is not allowed."`;

exports[`number() between(): inclusive errors if out of range 1`] = `"Invalid field \\"key\\". Number must be between 0 and 5 inclusive."`;

exports[`number() errors if a non-number value is used 1`] = `"Invalid field \\"key\\". Must be a number."`;

exports[`number() float() errors if \`null\` 1`] = `"Invalid field \\"key\\". Null is not allowed."`;

exports[`number() float() errors if value is NaN 1`] = `"Invalid field \\"key\\". Number must be a float."`;

exports[`number() float() errors if value is an integer 1`] = `"Invalid field \\"key\\". Number must be a float."`;

exports[`number() gt() errors if \`null\` 1`] = `"Invalid field \\"key\\". Null is not allowed."`;

exports[`number() gt() errors if below minimum 1`] = `"Invalid field \\"key\\". Number must be greater than 5."`;

exports[`number() gt() errors if edge 1`] = `"Invalid field \\"key\\". Number must be greater than 5."`;

exports[`number() gt() errors if min is a not a number 1`] = `"Greater-than requires a minimum number."`;

exports[`number() gte() errors if \`null\` 1`] = `"Invalid field \\"key\\". Null is not allowed."`;

exports[`number() gte() errors if below minimum 1`] = `"Invalid field \\"key\\". Number must be greater than or equal to 5."`;

exports[`number() gte() errors if min is a not a number 1`] = `"Greater-than requires a minimum number."`;

exports[`number() int() errors if \`null\` 1`] = `"Invalid field \\"key\\". Null is not allowed."`;

exports[`number() int() errors if value is NaN 1`] = `"Invalid field \\"key\\". Number must be an integer."`;

exports[`number() int() errors if value is a float 1`] = `"Invalid field \\"key\\". Number must be an integer."`;

exports[`number() lt() errors if \`null\` 1`] = `"Invalid field \\"key\\". Null is not allowed."`;

exports[`number() lt() errors if above maximum 1`] = `"Invalid field \\"key\\". Number must be less than 5."`;

exports[`number() lt() errors if edge 1`] = `"Invalid field \\"key\\". Number must be less than 5."`;

exports[`number() lt() errors if max is a not a number 1`] = `"Less-than requires a maximum number."`;

exports[`number() lte() errors if \`null\` 1`] = `"Invalid field \\"key\\". Null is not allowed."`;

exports[`number() lte() errors if above maximum 1`] = `"Invalid field \\"key\\". Number must be less than or equal to 5."`;

exports[`number() lte() errors if max is a not a number 1`] = `"Less-than requires a maximum number."`;

exports[`number() negative() errors if \`null\` 1`] = `"Invalid field \\"key\\". Null is not allowed."`;

exports[`number() negative() errors if value is positive 1`] = `"Invalid field \\"key\\". Number must be negative."`;

exports[`number() negative() errors if value is zero 1`] = `"Invalid field \\"key\\". Number must be negative."`;

exports[`number() oneOf() errors if \`null\` 1`] = `"Invalid field \\"key\\". Null is not allowed."`;

exports[`number() oneOf() errors if array contains a non-number 1`] = `"One of requires a non-empty array of numbers."`;

exports[`number() oneOf() errors if array is empty 1`] = `"One of requires a non-empty array of numbers."`;

exports[`number() oneOf() errors if not an array 1`] = `"One of requires a non-empty array of numbers."`;

exports[`number() oneOf() errors if value is not in the list 1`] = `"Invalid field \\"key\\". Number must be one of: 123, 456, 789"`;

exports[`number() positive() errors if \`null\` 1`] = `"Invalid field \\"key\\". Null is not allowed."`;

exports[`number() positive() errors if value is negative 1`] = `"Invalid field \\"key\\". Number must be positive."`;

exports[`number() positive() errors if value is zero 1`] = `"Invalid field \\"key\\". Number must be positive."`;
